[ 1966475ms] [ERROR] Failed to load resource: net::ERR_CONNECTION_REFUSED @ http://localhost:3000/img/globe/udaan-2025-poster.webp:0
[ 1966476ms] [ERROR] Failed to load resource: net::ERR_CONNECTION_REFUSED @ http://localhost:3000/?_rsc=P-H0u8lsibt8NhEH:0
[ 1966477ms] [ERROR] Failed to load resource: net::ERR_CONNECTION_REFUSED @ http://localhost:3000/about?_rsc=P-H0u8lsibt8NhEH:0
[ 1966477ms] [ERROR] Failed to load resource: net::ERR_CONNECTION_REFUSED @ http://localhost:3000/lineage?_rsc=P-H0u8lsibt8NhEH:0
[ 1966477ms] [ERROR] Failed to load resource: net::ERR_CONNECTION_REFUSED @ http://localhost:3000/curriculum?_rsc=P-H0u8lsibt8NhEH:0
[ 1966479ms] [ERROR] Failed to load resource: net::ERR_CONNECTION_REFUSED @ http://localhost:3000/events?_rsc=P-H0u8lsibt8NhEH:0
[ 1966479ms] [ERROR] Failed to load resource: net::ERR_CONNECTION_REFUSED @ http://localhost:3000/locations?_rsc=P-H0u8lsibt8NhEH:0
[ 1966480ms] [ERROR] Failed to load resource: net::ERR_CONNECTION_REFUSED @ http://localhost:3000/img/globe/udaan-2023-poster.webp:0
[ 1966483ms] [ERROR] Failed to load resource: net::ERR_CONNECTION_REFUSED @ http://localhost:3000/img/globe/aparna.webp:0
[ 1966485ms] [ERROR] Failed to load resource: net::ERR_CONNECTION_REFUSED @ http://localhost:3000/img/globe/arangetram-k.webp:0
[ 1966486ms] [ERROR] Failed to load resource: net::ERR_CONNECTION_REFUSED @ http://localhost:3000/img/globe/arangetram-j.webp:0
[ 1966488ms] [ERROR] Failed to load resource: net::ERR_CONNECTION_REFUSED @ http://localhost:3000/img/globe/festival.webp:0
[ 1966490ms] [ERROR] Failed to load resource: net::ERR_CONNECTION_REFUSED @ http://localhost:3000/img/globe/mylapore.webp:0
[ 1966492ms] [ERROR] Failed to load resource: net::ERR_CONNECTION_REFUSED @ http://localhost:3000/img/globe/athma.webp:0
[ 1966494ms] [ERROR] Failed to load resource: net::ERR_CONNECTION_REFUSED @ http://localhost:3000/img/globe/nadasudha.webp:0
[ 1966496ms] [ERROR] Failed to load resource: net::ERR_CONNECTION_REFUSED @ http://localhost:3000/img/globe/jun2024.webp:0
[ 1966500ms] [ERROR] Failed to load resource: net::ERR_CONNECTION_REFUSED @ http://localhost:3000/img/globe/canada.webp:0
[ 1966504ms] [ERROR] Failed to load resource: net::ERR_CONNECTION_REFUSED @ http://localhost:3000/img/globe/stage-2.webp:0
[ 1966508ms] [ERROR] Failed to load resource: net::ERR_CONNECTION_REFUSED @ http://localhost:3000/img/globe/hero-photos.webp:0
[ 1969515ms] [WARNING] The resource http://localhost:3000/_next/image?url=%2Fimg%2Fevent-arangetram-k.jpg&w=384&q=75 was preloaded using link preload but not used within a few seconds from the window's load event. Please make sure it has an appropriate `as` value and it is preloaded intentionally. @ http://localhost:3000/events:0
[ 1969515ms] [WARNING] The resource http://localhost:3000/_next/image?url=%2Fimg%2Fevent-udaan-2025.jpg&w=384&q=75 was preloaded using link preload but not used within a few seconds from the window's load event. Please make sure it has an appropriate `as` value and it is preloaded intentionally. @ http://localhost:3000/events:0
[ 1969515ms] [WARNING] The resource http://localhost:3000/_next/image?url=%2Fimg%2Fevent-udaan-2023.jpg&w=384&q=75 was preloaded using link preload but not used within a few seconds from the window's load event. Please make sure it has an appropriate `as` value and it is preloaded intentionally. @ http://localhost:3000/events:0
[ 1983713ms] [ERROR] Failed to load resource: net::ERR_CONNECTION_REFUSED @ http://localhost:3000/?_rsc=P-H0u8lsibt8NhEH:0
[ 1983713ms] [ERROR] Failed to load resource: net::ERR_CONNECTION_REFUSED @ http://localhost:3000/about?_rsc=P-H0u8lsibt8NhEH:0
[ 1983714ms] [ERROR] Failed to load resource: net::ERR_CONNECTION_REFUSED @ http://localhost:3000/lineage?_rsc=P-H0u8lsibt8NhEH:0
[ 1983714ms] [ERROR] Failed to load resource: net::ERR_CONNECTION_REFUSED @ http://localhost:3000/curriculum?_rsc=P-H0u8lsibt8NhEH:0
[ 1983715ms] [ERROR] Failed to load resource: net::ERR_CONNECTION_REFUSED @ http://localhost:3000/events?_rsc=P-H0u8lsibt8NhEH:0
[ 1983715ms] [ERROR] Failed to load resource: net::ERR_CONNECTION_REFUSED @ http://localhost:3000/locations?_rsc=P-H0u8lsibt8NhEH:0
[ 1984050ms] [ERROR] Failed to load resource: net::ERR_CONNECTION_REFUSED @ http://localhost:3000/img/globe/udaan-2025-poster.webp:0
[ 1984056ms] [ERROR] Failed to load resource: net::ERR_CONNECTION_REFUSED @ http://localhost:3000/img/globe/udaan-2023-poster.webp:0
[ 1984058ms] [ERROR] Failed to load resource: net::ERR_CONNECTION_REFUSED @ http://localhost:3000/img/globe/aparna.webp:0
[ 1984059ms] [ERROR] Failed to load resource: net::ERR_CONNECTION_REFUSED @ http://localhost:3000/img/globe/arangetram-k.webp:0
[ 1984061ms] [ERROR] Failed to load resource: net::ERR_CONNECTION_REFUSED @ http://localhost:3000/img/globe/arangetram-j.webp:0
[ 1984062ms] [ERROR] Failed to load resource: net::ERR_CONNECTION_REFUSED @ http://localhost:3000/img/globe/festival.webp:0
[ 1984063ms] [ERROR] Failed to load resource: net::ERR_CONNECTION_REFUSED @ http://localhost:3000/img/globe/mylapore.webp:0
[ 1984065ms] [ERROR] Failed to load resource: net::ERR_CONNECTION_REFUSED @ http://localhost:3000/img/globe/athma.webp:0
[ 1984069ms] [ERROR] Failed to load resource: net::ERR_CONNECTION_REFUSED @ http://localhost:3000/img/globe/nadasudha.webp:0
[ 1984071ms] [ERROR] Failed to load resource: net::ERR_CONNECTION_REFUSED @ http://localhost:3000/img/globe/jun2024.webp:0
[ 1984073ms] [ERROR] Failed to load resource: net::ERR_CONNECTION_REFUSED @ http://localhost:3000/img/globe/canada.webp:0
[ 1984074ms] [ERROR] Failed to load resource: net::ERR_CONNECTION_REFUSED @ http://localhost:3000/img/globe/stage-2.webp:0
[ 1984076ms] [ERROR] Failed to load resource: net::ERR_CONNECTION_REFUSED @ http://localhost:3000/img/globe/hero-photos.webp:0
[ 1993390ms] [ERROR] Failed to load resource: net::ERR_CONNECTION_REFUSED @ http://localhost:3000/?_rsc=P-H0u8lsibt8NhEH:0
[ 1993390ms] [ERROR] Failed to load resource: net::ERR_CONNECTION_REFUSED @ http://localhost:3000/about?_rsc=P-H0u8lsibt8NhEH:0
[ 1993391ms] [ERROR] Failed to load resource: net::ERR_CONNECTION_REFUSED @ http://localhost:3000/lineage?_rsc=P-H0u8lsibt8NhEH:0
[ 1993391ms] [ERROR] Failed to load resource: net::ERR_CONNECTION_REFUSED @ http://localhost:3000/curriculum?_rsc=P-H0u8lsibt8NhEH:0
[ 1993398ms] [ERROR] Failed to load resource: net::ERR_CONNECTION_REFUSED @ http://localhost:3000/events?_rsc=P-H0u8lsibt8NhEH:0
[ 1993399ms] [ERROR] Failed to load resource: net::ERR_CONNECTION_REFUSED @ http://localhost:3000/locations?_rsc=P-H0u8lsibt8NhEH:0
[ 1993734ms] [ERROR] Failed to load resource: net::ERR_CONNECTION_REFUSED @ http://localhost:3000/img/globe/udaan-2025-poster.webp:0
[ 1993738ms] [ERROR] Failed to load resource: net::ERR_CONNECTION_REFUSED @ http://localhost:3000/img/globe/udaan-2023-poster.webp:0
[ 1993741ms] [ERROR] Failed to load resource: net::ERR_CONNECTION_REFUSED @ http://localhost:3000/img/globe/aparna.webp:0
[ 1993742ms] [ERROR] Failed to load resource: net::ERR_CONNECTION_REFUSED @ http://localhost:3000/img/globe/arangetram-k.webp:0
[ 1993743ms] [ERROR] Failed to load resource: net::ERR_CONNECTION_REFUSED @ http://localhost:3000/img/globe/arangetram-j.webp:0
[ 1993744ms] [ERROR] Failed to load resource: net::ERR_CONNECTION_REFUSED @ http://localhost:3000/img/globe/festival.webp:0
[ 1993745ms] [ERROR] Failed to load resource: net::ERR_CONNECTION_REFUSED @ http://localhost:3000/img/globe/mylapore.webp:0
[ 1993746ms] [ERROR] Failed to load resource: net::ERR_CONNECTION_REFUSED @ http://localhost:3000/img/globe/athma.webp:0
[ 1993747ms] [ERROR] Failed to load resource: net::ERR_CONNECTION_REFUSED @ http://localhost:3000/img/globe/nadasudha.webp:0
[ 1993748ms] [ERROR] Failed to load resource: net::ERR_CONNECTION_REFUSED @ http://localhost:3000/img/globe/jun2024.webp:0
[ 1993749ms] [ERROR] Failed to load resource: net::ERR_CONNECTION_REFUSED @ http://localhost:3000/img/globe/canada.webp:0
[ 1993750ms] [ERROR] Failed to load resource: net::ERR_CONNECTION_REFUSED @ http://localhost:3000/img/globe/stage-2.webp:0
[ 1993753ms] [ERROR] Failed to load resource: net::ERR_CONNECTION_REFUSED @ http://localhost:3000/img/globe/hero-photos.webp:0
[ 2003406ms] [WARNING] The powerPreference option is currently ignored when calling requestAdapter() on Windows. See https://crbug.com/369219127 @ :0
[ 2009771ms] [ERROR] Failed to load resource: net::ERR_CONNECTION_REFUSED @ http://localhost:3000/curriculum?_rsc=P-H0u8lsibt8NhEH:0
[ 2031924ms] [ERROR] Failed to load resource: net::ERR_CONNECTION_REFUSED @ http://localhost:3000/img/globe/udaan-2025-poster.webp:0
[ 2031929ms] [ERROR] Failed to load resource: net::ERR_CONNECTION_REFUSED @ http://localhost:3000/img/globe/udaan-2023-poster.webp:0
[ 2031930ms] [ERROR] Failed to load resource: net::ERR_CONNECTION_REFUSED @ http://localhost:3000/img/globe/aparna.webp:0
[ 2031932ms] [ERROR] Failed to load resource: net::ERR_CONNECTION_REFUSED @ http://localhost:3000/img/globe/arangetram-k.webp:0
[ 2031933ms] [ERROR] Failed to load resource: net::ERR_CONNECTION_REFUSED @ http://localhost:3000/img/globe/arangetram-j.webp:0
[ 2031934ms] [ERROR] Failed to load resource: net::ERR_CONNECTION_REFUSED @ http://localhost:3000/img/globe/festival.webp:0
[ 2031936ms] [ERROR] Failed to load resource: net::ERR_CONNECTION_REFUSED @ http://localhost:3000/img/globe/mylapore.webp:0
[ 2031937ms] [ERROR] Failed to load resource: net::ERR_CONNECTION_REFUSED @ http://localhost:3000/img/globe/athma.webp:0
[ 2031939ms] [ERROR] Failed to load resource: net::ERR_CONNECTION_REFUSED @ http://localhost:3000/img/globe/nadasudha.webp:0
[ 2031940ms] [ERROR] Failed to load resource: net::ERR_CONNECTION_REFUSED @ http://localhost:3000/img/globe/jun2024.webp:0
[ 2031941ms] [ERROR] Failed to load resource: net::ERR_CONNECTION_REFUSED @ http://localhost:3000/img/globe/canada.webp:0
[ 2031942ms] [ERROR] Failed to load resource: net::ERR_CONNECTION_REFUSED @ http://localhost:3000/img/globe/stage-2.webp:0
[ 2031943ms] [ERROR] Failed to load resource: net::ERR_CONNECTION_REFUSED @ http://localhost:3000/img/globe/hero-photos.webp:0
[ 2084713ms] [ERROR] Failed to load resource: net::ERR_CONNECTION_REFUSED @ http://localhost:3000/img/globe/udaan-2025-poster.webp:0
[ 2084713ms] [ERROR] Failed to load resource: net::ERR_CONNECTION_REFUSED @ http://localhost:3000/?_rsc=P-H0u8lsibt8NhEH:0
[ 2084714ms] [ERROR] Failed to load resource: net::ERR_CONNECTION_REFUSED @ http://localhost:3000/about?_rsc=P-H0u8lsibt8NhEH:0
[ 2084715ms] [ERROR] Failed to load resource: net::ERR_CONNECTION_REFUSED @ http://localhost:3000/lineage?_rsc=P-H0u8lsibt8NhEH:0
[ 2084715ms] [ERROR] Failed to load resource: net::ERR_CONNECTION_REFUSED @ http://localhost:3000/curriculum?_rsc=P-H0u8lsibt8NhEH:0
[ 2084717ms] [ERROR] Failed to load resource: net::ERR_CONNECTION_REFUSED @ http://localhost:3000/events?_rsc=P-H0u8lsibt8NhEH:0
[ 2084717ms] [ERROR] Failed to load resource: net::ERR_CONNECTION_REFUSED @ http://localhost:3000/locations?_rsc=P-H0u8lsibt8NhEH:0
[ 2084726ms] [ERROR] Failed to load resource: net::ERR_CONNECTION_REFUSED @ http://localhost:3000/img/globe/udaan-2023-poster.webp:0
[ 2084730ms] [ERROR] Failed to load resource: net::ERR_CONNECTION_REFUSED @ http://localhost:3000/img/globe/aparna.webp:0
[ 2084742ms] [ERROR] Failed to load resource: net::ERR_CONNECTION_REFUSED @ http://localhost:3000/img/globe/arangetram-k.webp:0
[ 2084744ms] [ERROR] Failed to load resource: net::ERR_CONNECTION_REFUSED @ http://localhost:3000/img/globe/arangetram-j.webp:0
[ 2084745ms] [ERROR] Failed to load resource: net::ERR_CONNECTION_REFUSED @ http://localhost:3000/img/globe/festival.webp:0
[ 2084747ms] [ERROR] Failed to load resource: net::ERR_CONNECTION_REFUSED @ http://localhost:3000/img/globe/mylapore.webp:0
[ 2084748ms] [ERROR] Failed to load resource: net::ERR_CONNECTION_REFUSED @ http://localhost:3000/img/globe/athma.webp:0
[ 2084748ms] [ERROR] Failed to load resource: net::ERR_CONNECTION_REFUSED @ http://localhost:3000/img/globe/nadasudha.webp:0
[ 2084749ms] [ERROR] Failed to load resource: net::ERR_CONNECTION_REFUSED @ http://localhost:3000/img/globe/jun2024.webp:0
[ 2084750ms] [ERROR] Failed to load resource: net::ERR_CONNECTION_REFUSED @ http://localhost:3000/img/globe/canada.webp:0
[ 2084751ms] [ERROR] Failed to load resource: net::ERR_CONNECTION_REFUSED @ http://localhost:3000/img/globe/stage-2.webp:0
[ 2084752ms] [ERROR] Failed to load resource: net::ERR_CONNECTION_REFUSED @ http://localhost:3000/img/globe/hero-photos.webp:0
[ 2105777ms] [ERROR] Failed to load resource: net::ERR_CONNECTION_REFUSED @ http://localhost:3000/_next/image?url=%2Fimg%2Fevent-aparna.jpg&w=640&q=75:0
[ 2117225ms] [ERROR] Failed to load resource: net::ERR_CONNECTION_REFUSED @ http://localhost:3000/img/globe/udaan-2025-poster.webp:0
[ 2117231ms] [ERROR] Failed to load resource: net::ERR_CONNECTION_REFUSED @ http://localhost:3000/img/globe/udaan-2023-poster.webp:0
[ 2117233ms] [ERROR] Failed to load resource: net::ERR_CONNECTION_REFUSED @ http://localhost:3000/img/globe/aparna.webp:0
[ 2117235ms] [ERROR] Failed to load resource: net::ERR_CONNECTION_REFUSED @ http://localhost:3000/img/globe/arangetram-k.webp:0
[ 2117236ms] [ERROR] Failed to load resource: net::ERR_CONNECTION_REFUSED @ http://localhost:3000/img/globe/arangetram-j.webp:0
[ 2117237ms] [ERROR] Failed to load resource: net::ERR_CONNECTION_REFUSED @ http://localhost:3000/img/globe/festival.webp:0
[ 2117238ms] [ERROR] Failed to load resource: net::ERR_CONNECTION_REFUSED @ http://localhost:3000/img/globe/mylapore.webp:0
[ 2117240ms] [ERROR] Failed to load resource: net::ERR_CONNECTION_REFUSED @ http://localhost:3000/img/globe/athma.webp:0
[ 2117241ms] [ERROR] Failed to load resource: net::ERR_CONNECTION_REFUSED @ http://localhost:3000/img/globe/nadasudha.webp:0
[ 2117242ms] [ERROR] Failed to load resource: net::ERR_CONNECTION_REFUSED @ http://localhost:3000/img/globe/jun2024.webp:0
[ 2117243ms] [ERROR] Failed to load resource: net::ERR_CONNECTION_REFUSED @ http://localhost:3000/img/globe/canada.webp:0
[ 2117244ms] [ERROR] Failed to load resource: net::ERR_CONNECTION_REFUSED @ http://localhost:3000/img/globe/stage-2.webp:0
[ 2117245ms] [ERROR] Failed to load resource: net::ERR_CONNECTION_REFUSED @ http://localhost:3000/img/globe/hero-photos.webp:0
[ 2167354ms] [ERROR] Failed to load resource: net::ERR_CONNECTION_REFUSED @ http://localhost:3000/img/globe/udaan-2025-poster.webp:0
[ 2167354ms] [ERROR] Failed to load resource: net::ERR_CONNECTION_REFUSED @ http://localhost:3000/?_rsc=P-H0u8lsibt8NhEH:0
[ 2167355ms] [ERROR] Failed to load resource: net::ERR_CONNECTION_REFUSED @ http://localhost:3000/about?_rsc=P-H0u8lsibt8NhEH:0
[ 2167355ms] [ERROR] Failed to load resource: net::ERR_CONNECTION_REFUSED @ http://localhost:3000/lineage?_rsc=P-H0u8lsibt8NhEH:0
[ 2167355ms] [ERROR] Failed to load resource: net::ERR_CONNECTION_REFUSED @ http://localhost:3000/curriculum?_rsc=P-H0u8lsibt8NhEH:0
[ 2167356ms] [ERROR] Failed to load resource: net::ERR_CONNECTION_REFUSED @ http://localhost:3000/events?_rsc=P-H0u8lsibt8NhEH:0
[ 2167360ms] [ERROR] Failed to load resource: net::ERR_CONNECTION_REFUSED @ http://localhost:3000/locations?_rsc=P-H0u8lsibt8NhEH:0
[ 2167368ms] [ERROR] Failed to load resource: net::ERR_CONNECTION_REFUSED @ http://localhost:3000/img/globe/udaan-2023-poster.webp:0
[ 2167371ms] [ERROR] Failed to load resource: net::ERR_CONNECTION_REFUSED @ http://localhost:3000/img/globe/aparna.webp:0
[ 2167390ms] [ERROR] Failed to load resource: net::ERR_CONNECTION_REFUSED @ http://localhost:3000/img/globe/arangetram-k.webp:0
[ 2167393ms] [ERROR] Failed to load resource: net::ERR_CONNECTION_REFUSED @ http://localhost:3000/img/globe/arangetram-j.webp:0
[ 2167394ms] [ERROR] Failed to load resource: net::ERR_CONNECTION_REFUSED @ http://localhost:3000/img/globe/festival.webp:0
[ 2167395ms] [ERROR] Failed to load resource: net::ERR_CONNECTION_REFUSED @ http://localhost:3000/img/globe/mylapore.webp:0
[ 2167397ms] [ERROR] Failed to load resource: net::ERR_CONNECTION_REFUSED @ http://localhost:3000/img/globe/athma.webp:0
[ 2167398ms] [ERROR] Failed to load resource: net::ERR_CONNECTION_REFUSED @ http://localhost:3000/img/globe/nadasudha.webp:0
[ 2167399ms] [ERROR] Failed to load resource: net::ERR_CONNECTION_REFUSED @ http://localhost:3000/img/globe/jun2024.webp:0
[ 2167400ms] [ERROR] Failed to load resource: net::ERR_CONNECTION_REFUSED @ http://localhost:3000/img/globe/canada.webp:0
[ 2167400ms] [ERROR] Failed to load resource: net::ERR_CONNECTION_REFUSED @ http://localhost:3000/img/globe/stage-2.webp:0
[ 2167401ms] [ERROR] Failed to load resource: net::ERR_CONNECTION_REFUSED @ http://localhost:3000/img/globe/hero-photos.webp:0
[ 2179994ms] [ERROR] Failed to load resource: net::ERR_CONNECTION_REFUSED @ http://localhost:3000/curriculum?_rsc=P-H0u8lsibt8NhEH:0
[ 2184309ms] [ERROR] Failed to load resource: net::ERR_CONNECTION_REFUSED @ http://localhost:3000/curriculum?_rsc=WKKPvF_EUS1VfX7J:0
[ 2184309ms] [ERROR] Failed to fetch RSC payload for http://localhost:3000/curriculum. Falling back to browser navigation. TypeError: Failed to fetch
    at n (http://localhost:3000/_next/static/chunks/2e_lrwr-bf1eq.js:2:34883)
    at C (http://localhost:3000/_next/static/chunks/2e_lrwr-bf1eq.js:1:18681)
    at async R (http://localhost:3000/_next/static/chunks/2e_lrwr-bf1eq.js:1:16640)
    at async R (http://localhost:3000/_next/static/chunks/2e_lrwr-bf1eq.js:2:39652) @ http://localhost:3000/_next/static/chunks/2e_lrwr-bf1eq.js:0
